=================================================
     FULL-STACK AUDIT & AUTOMATED TEST LOG
=================================================

[1] DATABASE & STORAGE:
  ✅ Database Connection: SUCCESS
  ✅ Database Schema: SUCCESS (Found 30 tables)
  ✅ Storage Symlink: SUCCESS (Linked)

[2] SECURITY, AUTH & PERMISSIONS:
  ✅ App Environment: LOCAL
  ✅ App Debug: TRUE
  ✅ Session Driver: FILE
  ✅ CSRF/Cookie Protection: CONFIGURED

[3] RATE LIMITING (API THROTLLING):
  ✅ Rate Limiting Guard: CONFIGURED

[4] API & HTTP REACHABILITY:
  ✅ [200] Frontend Home (/)
  ✅ [302] API Auth Route (Should be 401/302) (/api/user)
  ✅ [200] Result Page (/result)

[5] CACHING & PERFORMANCE:
  🔄 Running Auto-Cache (optimize:clear & config:cache)...
  ✅ Caches Cleared.
  ✅ Views Cached for Performance.

=================================================
 AUDIT COMPLETE. ALL CHECKS EXECUTED.
=================================================
