i Compiling Mix

[1;1H[0J
                         
   Laravel Mix v6.0.43   
                         

✔ Compiled Successfully in 14997ms
[90m┌───────────────────────────────────[39m[90m┬─────────┐[39m
[90m│[39m                              File [90m│[39m Size    [90m│[39m
[90m├───────────────────────────────────[39m[90m┼─────────┤[39m
[90m│[39m                        /js/app.js [90m│[39m 5.8 MiB [90m│[39m
[90m│[39m                  /js/datatable.js [90m│[39m 740 KiB [90m│[39m
[90m│[39m                       css/app.css [90m│[39m 135 KiB [90m│[39m
[90m└───────────────────────────────────[39m[90m┴─────────┘[39m
√ Mix: Compiled successfully in 19.16s
webpack compiled [1m[32msuccessfully[39m[22m
